// Vitest Snapshot v1, https://vitest.dev/guide/snapshot.html

exports[`Config Snapshots > should match URL construction patterns 1`] = `
[
  {
    "fullUrl": "https://auth.example.com/oauth/authorize",
    "host": "auth.example.com",
    "path": "/oauth/authorize",
    "pathname": "/oauth/authorize",
    "protocol": "https:",
  },
  {
    "fullUrl": "https://auth.example.com/oauth/token",
    "host": "auth.example.com",
    "path": "/oauth/token",
    "pathname": "/oauth/token",
    "protocol": "https:",
  },
  {
    "fullUrl": "https://auth.example.com/logout",
    "host": "auth.example.com",
    "path": "/logout",
    "pathname": "/logout",
    "protocol": "https:",
  },
]
`;

exports[`Config Snapshots > should match config structure 1`] = `
{
  "apiBase": "http://localhost:5176",
  "authBase": "https://test.scalekit.dev",
  "authorizePath": "/oauth/authorize",
  "clientId": "test-client-id",
  "logoutPath": "/logout",
  "redirectUri": "http://localhost:5173/callback",
  "tokenPath": "/oauth/token",
}
`;

exports[`Config Snapshots > should match search params structure 1`] = `
{
  "hasRequiredParams": {
    "client_id": true,
    "code_challenge": true,
    "redirect_uri": true,
    "response_type": true,
    "scope": true,
  },
  "paramCount": 7,
  "paramKeys": [
    "client_id",
    "code_challenge",
    "code_challenge_method",
    "redirect_uri",
    "response_type",
    "scope",
    "state",
  ],
}
`;
